 DROP INDEX ix_country_alpha2_code

DROP INDEX
 DROP INDEX ix_country_alpha3_code

DROP INDEX
 DROP INDEX ix_language_language_code

DROP INDEX
 DROP INDEX ix_facility_country_id

DROP INDEX
 DROP INDEX ix_facility_name

DROP INDEX
 DROP INDEX ix_stock_owner_name

DROP INDEX
 DROP INDEX ix_user_stock_owner

DROP INDEX
 DROP INDEX ix_user_stock_owner_stock_owner_id

DROP INDEX
 DROP INDEX ix_timezone_time_zone_code

DROP INDEX
 DROP INDEX ix_user_user_account

DROP INDEX
 DROP INDEX ix_user_facility

DROP INDEX
 DROP INDEX ix_partner_partner_name

DROP INDEX
 DROP INDEX ix_partner_stock_owner

DROP INDEX
 DROP INDEX ix_partner_stock_owner_account_number

DROP INDEX
 DROP INDEX ix_inbound_load_date

DROP INDEX
 DROP INDEX ix_aisle_status_name

DROP INDEX
 DROP INDEX ix_location_rule_facility_id

DROP INDEX
 DROP INDEX ix_zone_status_name

DROP INDEX
 DROP INDEX ix_zone

DROP INDEX
 DROP INDEX ix_aisle

DROP INDEX
 DROP INDEX ix_level_status_name

DROP INDEX
 DROP INDEX ix_measuring_unit_measuring_unit_type_id

DROP INDEX
 DROP INDEX ix_measuring_unit_name

DROP INDEX
 DROP INDEX ix_location_weight_volume_facility_name

DROP INDEX
 DROP INDEX ix_rack_status_name

DROP INDEX
 DROP INDEX ix_rack

DROP INDEX
 DROP INDEX ix_level

DROP INDEX
 DROP INDEX ix_location_status_name

DROP INDEX
 DROP INDEX ix_location_type_name

DROP INDEX
 DROP INDEX ix_location

DROP INDEX
 DROP INDEX ix_location_aisle

DROP INDEX
 DROP INDEX ix_location_facility

DROP INDEX
 DROP INDEX ix_location_level

DROP INDEX
 DROP INDEX ix_location_rack

DROP INDEX
 DROP INDEX ix_location_zone

DROP INDEX
 DROP INDEX ix_advanced_shipping_notice_date

DROP INDEX
 DROP INDEX ix_advanced_shipping_notice_facility_id

DROP INDEX
 DROP INDEX ix_advanced_shipping_notice_inbound_load_id

DROP INDEX
 DROP INDEX ix_inventory_priority_name

DROP INDEX
 DROP INDEX ix_item_master_status_name

DROP INDEX
 DROP INDEX ix_product_class_name

DROP INDEX
 DROP INDEX ix_item_master_stock_owner_code

DROP INDEX
 DROP INDEX ix_item_master_stock_owner_id

DROP INDEX
 DROP INDEX ix_purchase_order_date

DROP INDEX
 DROP INDEX ix_purchase_order_stock_owner_id

DROP INDEX
 DROP INDEX ix_purchase_order_detail_item_master_attributes

DROP INDEX
 DROP INDEX ix_purchase_order_detail_purchase_order_id

DROP INDEX
 DROP INDEX ix_advanced_shipping_notice_detail_advanced_shipping_notice_id

DROP INDEX
 DROP INDEX ix_advanced_shipping_notice_detail_item_master_attributes

DROP INDEX
 DROP INDEX ix_application_translation_name

DROP INDEX
 DROP INDEX ix_application_translation

DROP INDEX
 DROP INDEX ix_attribute_data_type

DROP INDEX
 DROP INDEX ix_attribute_data_option

DROP INDEX
 DROP INDEX ix_carrier_type_name

DROP INDEX
 DROP INDEX ix_carrier_carrier_name

DROP INDEX
 DROP INDEX ix_carrier_stock_owner_code

DROP INDEX
 DROP INDEX ix_condition_name

DROP INDEX
 DROP INDEX ix_container_barcode

DROP INDEX
 DROP INDEX ix_container_location_id

DROP INDEX
 DROP INDEX ix_container_stock_owner_id

DROP INDEX
 DROP INDEX ix_container_document

DROP INDEX
 DROP INDEX ix_container_document_document

DROP INDEX
 DROP INDEX ix_container_file_container_id

DROP INDEX
 DROP INDEX ix_data_translation_name

DROP INDEX
 DROP INDEX ix_data_translation

DROP INDEX
 DROP INDEX ix_document_attribute

DROP INDEX
 DROP INDEX ix_document_attribute_value

DROP INDEX
 DROP INDEX ix_facility_stock_owner

DROP INDEX
 DROP INDEX ix_facility_stock_owner_stock_owner_id

DROP INDEX
 DROP INDEX ix_inbound_load_detail

DROP INDEX
 DROP INDEX ix_item_master_footprint

DROP INDEX
 DROP INDEX ix_item_master_footprint_item_master_id

DROP INDEX
 DROP INDEX ix_item_master_footprint_detail

DROP INDEX
 DROP INDEX ix_item_master_footprint_detail_parent_child

DROP INDEX
 DROP INDEX ix_item_master_barcode

DROP INDEX
 DROP INDEX ix_item_master_barcode_barcode

DROP INDEX
 DROP INDEX ix_item_master_facility

DROP INDEX
 DROP INDEX ix_item_master_facility_facility_id

DROP INDEX
 DROP INDEX ix_item_master_file_item_master_id

DROP INDEX
 DROP INDEX ix_item_master_footprint_file_item_master_footprint_detail_id

DROP INDEX
 DROP INDEX ix_item_master_footprint_packaging

DROP INDEX
 DROP INDEX ix_putaway_type_name

DROP INDEX
 DROP INDEX ix_item_master_putaway_type

DROP INDEX
 DROP INDEX ix_sku_attribute_name

DROP INDEX
 DROP INDEX ix_item_master_sku_attribute

DROP INDEX
 DROP INDEX ix_stock_attribute_name

DROP INDEX
 DROP INDEX ix_item_master_stock_attribute

DROP INDEX
 DROP INDEX ix_item_sku_attribute_value

DROP INDEX
 DROP INDEX ix_item_stock_attribute_value

DROP INDEX
 DROP INDEX ix_location_rule_item_master

DROP INDEX
 DROP INDEX ix_location_rule_product_class

DROP INDEX
 DROP INDEX ix_location_rule_putaway_type

DROP INDEX
 DROP INDEX ix_location_rule_stock_operation_type

DROP INDEX
 DROP INDEX ix_location_rule_stock_owner

DROP INDEX
 DROP INDEX ix_location_rule_stock_owner_stock_owner_id

DROP INDEX
 DROP INDEX ix_measuring_unit_conversion

DROP INDEX
 DROP INDEX ix_permission_permission_key

DROP INDEX
 DROP INDEX ix_role_name

DROP INDEX
 DROP INDEX ix_role_permission

DROP INDEX
 DROP INDEX ix_security_group

DROP INDEX
 DROP INDEX ix_security_group_role

DROP INDEX
 DROP INDEX ix_stock_container_id

DROP INDEX
 DROP INDEX ix_stock_item_master_attributes

DROP INDEX
 DROP INDEX ix_stock_location_id

DROP INDEX
 DROP INDEX ix_stock_condition

DROP INDEX
 DROP INDEX ix_stock_operation_stock_id

DROP INDEX
 DROP INDEX ix_unloading

DROP INDEX
 DROP INDEX ix_unloading_detail

DROP INDEX
 DROP INDEX ix_user_role

DROP INDEX
 DROP INDEX ix_user_security_group

DROP INDEX
